2026-03-07 17:07:03.614 -03 [23624] LOG:  starting PostgreSQL 13.23, compiled by Visual C++ build 1944, 64-bit
2026-03-07 17:07:03.619 -03 [23624] LOG:  listening on IPv6 address "::1", port 5432
2026-03-07 17:07:03.619 -03 [23624] LOG:  listening on IPv4 address "127.0.0.1", port 5432
2026-03-07 17:07:03.666 -03 [19484] LOG:  database system was shut down at 2026-03-07 17:06:54 -03
2026-03-07 17:07:03.698 -03 [23624] LOG:  database system is ready to accept connections
2026-03-07 17:07:20.308 -03 [16712] LOG:  could not receive data from client: unrecognized winsock error 10054
2026-03-07 17:07:20.511 -03 [12464] LOG:  could not receive data from client: unrecognized winsock error 10054
2026-03-07 17:07:59.275 -03 [23624] LOG:  CreateProcess call failed: unrecognized winsock error 10004 (error code 1455)
2026-03-07 17:07:59.276 -03 [23624] LOG:  could not fork new process for connection: unrecognized winsock error 10004
2026-03-07 17:08:02.615 -03 [23624] LOG:  CreateProcess call failed: unrecognized winsock error 10004 (error code 1455)
2026-03-07 17:08:02.615 -03 [23624] LOG:  could not fork new process for connection: unrecognized winsock error 10004
2026-03-07 17:08:03.623 -03 [23624] LOG:  CreateProcess call failed: unrecognized winsock error 10004 (error code 1455)
2026-03-07 17:08:03.623 -03 [23624] LOG:  could not fork new process for connection: unrecognized winsock error 10004
2026-03-07 17:08:23.022 -03 [9996] LOG:  could not receive data from client: unrecognized winsock error 10054
2026-03-07 17:08:23.087 -03 [7960] ERROR:  relation "_prisma_migrations" does not exist at character 126
2026-03-07 17:08:23.087 -03 [7960] STATEMENT:  SELECT "id", "checksum", "finished_at", "migration_name", "logs", "rolled_back_at", "started_at", "applied_steps_count" FROM "_prisma_migrations" ORDER BY "started_at" ASC
2026-03-07 17:08:23.091 -03 [7960] LOG:  could not receive data from client: unrecognized winsock error 10054
2026-03-07 17:08:47.334 -03 [9116] LOG:  could not receive data from client: unrecognized winsock error 10054
2026-03-07 17:08:47.402 -03 [18968] ERROR:  relation "_prisma_migrations" does not exist at character 126
2026-03-07 17:08:47.402 -03 [18968] STATEMENT:  SELECT "id", "checksum", "finished_at", "migration_name", "logs", "rolled_back_at", "started_at", "applied_steps_count" FROM "_prisma_migrations" ORDER BY "started_at" ASC
2026-03-07 17:08:47.406 -03 [18968] LOG:  could not receive data from client: unrecognized winsock error 10054
2026-03-07 17:15:05.071 -03 [23624] LOG:  CreateProcess call failed: unrecognized winsock error 10004 (error code 1455)
2026-03-07 17:15:05.074 -03 [23624] LOG:  could not fork autovacuum worker process: unrecognized winsock error 10004
2026-03-07 17:15:35.262 -03 [23624] LOG:  server process (PID 13556) was terminated by exception 0xC000012D
2026-03-07 17:15:35.262 -03 [23624] HINT:  See C include file "ntstatus.h" for a description of the hexadecimal value.
2026-03-07 17:15:35.262 -03 [23624] LOG:  terminating any other active server processes
2026-03-07 17:15:35.267 -03 [17872] WARNING:  terminating connection because of crash of another server process
2026-03-07 17:15:35.267 -03 [17872] DETAIL:  The postmaster has commanded this server process to roll back the current transaction and exit, because another server process exited abnormally and possibly corrupted shared memory.
2026-03-07 17:15:35.267 -03 [17872] HINT:  In a moment you should be able to reconnect to the database and repeat your command.
2026-03-07 17:15:35.267 -03 [7648] WARNING:  terminating connection because of crash of another server process
2026-03-07 17:15:35.267 -03 [7648] DETAIL:  The postmaster has commanded this server process to roll back the current transaction and exit, because another server process exited abnormally and possibly corrupted shared memory.
2026-03-07 17:15:35.267 -03 [7648] HINT:  In a moment you should be able to reconnect to the database and repeat your command.
2026-03-07 17:15:35.286 -03 [23624] LOG:  all server processes terminated; reinitializing
2026-03-07 17:15:35.330 -03 [16264] LOG:  database system was interrupted; last known up at 2026-03-07 17:12:15 -03
2026-03-07 17:15:36.388 -03 [16264] LOG:  database system was not properly shut down; automatic recovery in progress
2026-03-07 17:15:36.393 -03 [16264] LOG:  redo starts at 0/16083D8
2026-03-07 17:15:36.394 -03 [16264] LOG:  invalid record length at 0/16084C0: wanted 24, got 0
2026-03-07 17:15:36.394 -03 [16264] LOG:  redo done at 0/1608488
2026-03-07 17:15:36.460 -03 [23624] LOG:  database system is ready to accept connections
2026-03-07 20:15:37.471 GMT [12412] FATAL:  could not reattach to shared memory (key=00000000000014F0, addr=0000000005EE0000): error code 1455
2026-03-07 17:15:37.473 -03 [23624] LOG:  background worker "logical replication launcher" (PID 5252) was terminated by exception 0xC000012D
2026-03-07 17:15:37.473 -03 [23624] HINT:  See C include file "ntstatus.h" for a description of the hexadecimal value.
2026-03-07 17:15:37.473 -03 [23624] LOG:  terminating any other active server processes
2026-03-07 17:15:38.478 -03 [21708] WARNING:  terminating connection because of crash of another server process
2026-03-07 17:15:38.478 -03 [21708] DETAIL:  The postmaster has commanded this server process to roll back the current transaction and exit, because another server process exited abnormally and possibly corrupted shared memory.
2026-03-07 17:15:38.478 -03 [21708] HINT:  In a moment you should be able to reconnect to the database and repeat your command.
2026-03-07 17:15:38.481 -03 [23624] LOG:  all server processes terminated; reinitializing
2026-03-07 17:15:38.520 -03 [21992] LOG:  database system was interrupted; last known up at 2026-03-07 17:15:36 -03
2026-03-07 17:15:39.704 -03 [21992] LOG:  database system was not properly shut down; automatic recovery in progress
2026-03-07 17:15:39.708 -03 [21992] LOG:  invalid record length at 0/1608538: wanted 24, got 0
2026-03-07 17:15:39.708 -03 [21992] LOG:  redo is not required
2026-03-07 17:15:39.798 -03 [23624] LOG:  database system is ready to accept connections
2026-03-07 17:24:51.604 -03 [4780] LOG:  could not receive data from client: unrecognized winsock error 10054
2026-03-07 17:28:47.829 -03 [19920] LOG:  could not receive data from client: unrecognized winsock error 10054
2026-03-07 17:34:56.973 -03 [7672] LOG:  could not receive data from client: unrecognized winsock error 10054
2026-03-07 18:43:42.053 -03 [23624] LOG:  server process (PID 7056) was terminated by exception 0xC000012D
2026-03-07 18:43:42.053 -03 [23624] HINT:  See C include file "ntstatus.h" for a description of the hexadecimal value.
2026-03-07 18:43:42.054 -03 [23624] LOG:  terminating any other active server processes
2026-03-07 18:43:42.063 -03 [11864] WARNING:  terminating connection because of crash of another server process
2026-03-07 18:43:42.063 -03 [11864] DETAIL:  The postmaster has commanded this server process to roll back the current transaction and exit, because another server process exited abnormally and possibly corrupted shared memory.
2026-03-07 18:43:42.063 -03 [11864] HINT:  In a moment you should be able to reconnect to the database and repeat your command.
2026-03-07 18:43:42.088 -03 [23624] LOG:  all server processes terminated; reinitializing
2026-03-07 18:43:45.931 -03 [11384] LOG:  database system was interrupted; last known up at 2026-03-07 17:25:40 -03
2026-03-07 18:43:50.904 -03 [11384] LOG:  database system was not properly shut down; automatic recovery in progress
2026-03-07 18:43:50.911 -03 [11384] LOG:  redo starts at 0/16090F8
2026-03-07 18:43:50.911 -03 [11384] LOG:  invalid record length at 0/16091E0: wanted 24, got 0
2026-03-07 18:43:50.911 -03 [11384] LOG:  redo done at 0/16091A8
2026-03-07 18:43:51.038 -03 [23624] LOG:  database system is ready to accept connections
2026-03-07 19:13:30.993 -03 [23624] LOG:  background worker "logical replication launcher" (PID 17592) was terminated by exception 0x40010004
2026-03-07 19:13:30.993 -03 [23624] HINT:  See C include file "ntstatus.h" for a description of the hexadecimal value.
2026-03-07 19:13:31.085 -03 [23624] LOG:  terminating any other active server processes
2026-03-07 19:13:31.090 -03 [23624] LOG:  statistics collector process (PID 1984) was terminated by exception 0x40010004
2026-03-07 19:13:31.090 -03 [23624] HINT:  See C include file "ntstatus.h" for a description of the hexadecimal value.
2026-03-07 19:13:31.092 -03 [23624] LOG:  all server processes terminated; reinitializing
2026-03-07 19:13:31.507 -03 [23624] LOG:  startup process (PID 20292) was terminated by exception 0xC000026B
2026-03-07 19:13:31.507 -03 [23624] HINT:  See C include file "ntstatus.h" for a description of the hexadecimal value.
2026-03-07 19:13:31.507 -03 [23624] LOG:  aborting startup due to startup process failure
2026-03-07 19:13:31.512 -03 [23624] LOG:  database system is shut down
